// Jest Snapshot v1, https://goo.gl/fbAQLP

exports[`BookmarkStar renders 1`] = `undefined`;
